[hardfault_log] -- 2026-10-06-00:08:25 Begin Fault Log --
System fault Occurred on: 2026-10-06-00:08:25
 Type:Hard Fault in file:armv7-m/arm_hardfault.c at line: 173 running task: mavlink_if0
 FW git-hash: 058490a78d6f7e35fb34234bc2d4a11c47f7ec0d
 Build datetime: Oct  5 2026 19:46:59
 Build url: localhost 
 Processor registers: from 0x3000ece4
 r0:0x30011c10 r1:0x00000400  r2:0xaa38c150  r3:0x001fde00  r4:0x300100b0  r5:0x30011c10 r6:0x3000f0b0 r7:0x00000000
 r8:0x30010379 r9:0x300100b0 r10:0x300103a0 r11:0x30010684 r12:0x00000000  sp:0x3000edb8 lr:0x080f7b5f pc:0x080f7b28
 xpsr:0x21000000 basepri:0x000000f0 control:0x00000004
 exe return:0xffffffe9
 Fault status registers: from NVIC
 cfsr:0x00008200 hfsr:0x40000000  dfsr:0x00000000  mmfsr:0x001fde10  bfsr:0x001fde10 afsr:0x00000000 abfsr:0x00000000 
 IRQ stack: 
  top:    0x24001940
  sp:     0x240018d8 Valid
  bottom: 0x24001640
  size:   0x00000300
Invalid Stack! (Corrupted TCB)  Stack base:  0x24001640 Stack size:  0x00000300
 User stack: 
  top:    0x3000efd8
  sp:     0x3000edb8 Valid
  bottom: 0x3000e3f0
  size:   0x00000be8
Invalid Stack! (Corrupted TCB)  Stack base:  0x3000e3f0 Stack size:  0x00000be8
Interrupt sp memory region, stack pointer lies within stack
0x24001b94 0x91003901
0x24001b90 0x20910007
0x24001b8c 0x00000100
0x24001b88 0x001d8a06
0x24001b84 0x62b5c9f2
0x24001b80 0x0110f600
0x24001b7c 0x51000001
0x24001b78 0x0000098a
0x24001b74 0x0662b556
0x24001b70 0xf9011041
0x24001b6c 0x000d0000
0x24001b68 0x01000009
0x24001b64 0x8a0662b5
0x24001b60 0x05e20320
0x24001b5c 0x14001100
0x24001b58 0x00010000
0x24001b54 0x098a0662
0x24001b50 0xb5157b00
0x24001b4c 0x10220004
0x24001b48 0x00102200
0x24001b44 0x03001022
0x24001b40 0x00020010
0x24001b3c 0x22000100
0x24001b38 0x00010000
0x24001b34 0x188a0662
0x24001b30 0xb599f100
0x24001b2c 0x20210003
0x24001b28 0x00013021
0x24001b24 0x00020064
0x24001b20 0x30210001
0x24001b1c 0x07201100
0x24001b18 0x21032011
0x24001b14 0x001c0320
0x24001b10 0x11001100
0x24001b0c 0x00010000
0x24001b08 0x248a0662
0x24001b04 0xb5340e00
0x24001b00 0x00040a62
0x24001afc 0xb5a5f300
0x24001af8 0x01c20040
0x24001af4 0x52000100
0x24001af0 0x00010000
0x24001aec 0x0c8a0662
0x24001ae8 0xb5db2e00
0x24001ae4 0x10740002
0x24001ae0 0x01107400
0x24001adc 0x01001073
0x24001ad8 0x00020110
0x24001ad4 0x73000100
0x24001ad0 0x20520004
0x24001acc 0x00205200
0x24001ac8 0x03012052
0x24001ac4 0x00020000
0x24001ac0 0x01000027
0x24001abc 0x8a0662b5
0x24001ab8 0x8cac0000
0x24001ab4 0x00000001
0x24001ab0 0x00210001
0x24001aac 0xc2000000
0x24001aa8 0x08d00000
0x24001aa4 0x00030000
0x24001aa0 0x00000001
0x24001a9c 0x00210001
0x24001a98 0xc2000000
0x24001a94 0x08d00000
0x24001a90 0x00010028
0x24001a8c 0x000662b5
0x24001a88 0xdb2e0010
0x24001a84 0x74000201
0x24001a80 0x10740001
0x24001a7c 0x00107300
0x24001a78 0x02011073
0x24001a74 0x00010020
0x24001a70 0x52000400
0x24001a6c 0x20520003
0x24001a68 0x01205200
0x24001a64 0x02000001
0x24001a60 0x0000278a
0x24001a5c 0x0662b5a2
0x24001a58 0x70000000
0x24001a54 0x00000100
0x24001a50 0x21000025
0x24001a4c 0x80000008
0x24001a48 0xd0000000
0x24001a44 0x03000000
0x24001a40 0x00000100
0x24001a3c 0x21000025
0x24001a38 0x80000008
0x24001a34 0xd0000000
0x24001a30 0x01002800
0x24001a2c 0x0662b5db
0x24001a28 0x2e001074
0x24001a24 0x00020110
0x24001a20 0x74000100
0x24001a1c 0x10730002
0x24001a18 0x01107300
0x24001a14 0x01002052
0x24001a10 0x00040020
0x24001a0c 0x52000301
0x24001a08 0x20520002
0x24001a04 0x00000100
0x24001a00 0x00278a06
0x240019fc 0x62b57ae8
0x240019f8 0x00000000
0x240019f4 0x00010021
0x240019f0 0x0000e100
0x240019ec 0x000008d0
0x240019e8 0x00000003
0x240019e4 0x00000000
0x240019e0 0x00010021
0x240019dc 0x0000e100
0x240019d8 0x000008d0
0x240019d4 0x00000001
0x240019d0 0x00280006
0x240019cc 0x62b5db2e
0x240019c8 0x00107400
0x240019c4 0x02011074
0x240019c0 0x00010010
0x240019bc 0x73000201
0x240019b8 0x10730001
0x240019b4 0x00205200
0x240019b0 0x04002052
0x240019ac 0x00030120
0x240019a8 0x52000200
0x240019a4 0x00010000
0x240019a0 0x278a0662
0x2400199c 0xb52c5200
0x24001998 0x00000000
0x24001994 0x01002100
0x24001990 0x00960000
0x2400198c 0x0008d000
0x24001988 0x00000300
0x24001984 0x00000000
0x24001980 0x01002100
0x2400197c 0x00960000
0x24001978 0x0008d000
0x24001974 0x00000100
0x24001970 0x28000662
0x2400196c 0xb5db2e00
0x24001968 0x10740002
0x24001964 0x01107400
0x24001960 0x01001073
0x2400195c 0x00020110
0x24001958 0x73000100
0x24001954 0x20520004
0x24001950 0x00205200
0x2400194c 0x03012052
0x24001948 0x00020000
0x24001944 0x01000027
0x24001940 0x8a0662b5<-- Interrupt sp top
0x2400193c 0x080202d5
0x24001938 0x3000f0b0
0x24001934 0x30011c10
0x24001930 0x300100b0
0x2400192c 0x080225db
0x24001928 0x00000000
0x24001924 0x080244af
0x24001920 0x30010379
0x2400191c 0x00000000
0x24001918 0x00000003
0x24001914 0x240061e4
0x24001910 0x00000000
0x2400190c 0x00000000
0x24001908 0x001fde10
0x24001904 0x00000000
0x24001900 0x40000000
0x240018fc 0x08022c13
0x240018f8 0x00000000
0x240018f4 0x08022fb7
0x240018f0 0x300103a0
0x240018ec 0x300100b0
0x240018e8 0x00008200
0x240018e4 0x00000000
0x240018e0 0x3000ece4
0x240018dc 0x00000003
0x240018d8 0x40000000<-- Interrupt sp
0x240018d4 0x00000020
0x240018d0 0x00000002
0x240018cc 0x00000039
0x240018c8 0x000001b8
0x240018c4 0x0802bb9d
0x240018c0 0x000000ad
0x240018bc 0x240018d8
0x240018b8 0x0817de39
0x240018b4 0x240061e4
0x240018b0 0x0000023c
0x240018ac 0x08168ab9
0x240018a8 0x24000010
0x240018a4 0x08022da9
0x240018a0 0x00000000
0x2400189c 0x30010684
0x24001898 0x3000edb8
0x24001894 0x000001b8
0x24001890 0x000003bd
0x2400188c 0x240061e4
0x24001888 0x240018d8
0x24001884 0x3000ddf0
0x24001880 0x24000000
0x2400187c 0x00000000
0x24001878 0x00000000
0x24001874 0x00000000
0x24001870 0x00000000
0x2400186c 0x00000000
0x24001868 0x00000000
0x24001864 0x00000000
0x24001860 0x00000000
0x2400185c 0x00000000
0x24001858 0x00000000
0x24001854 0x00000000
0x24001850 0x00000000
0x2400184c 0x00007472
0x24001848 0x61747320
0x24001844 0x24001848
0x24001840 0x2001169c
0x2400183c 0x00000020
0x24001838 0x00000002
0x24001834 0x00000030
0x24001830 0x00000604
0x2400182c 0x00000c78
0x24001828 0x0000008c
0x24001824 0x000002df
0x24001820 0x08197a3d
0x2400181c 0x0817e7f2
0x24001818 0x0802b9e7
0x24001814 0x24001820
0x24001810 0x00000000
0x2400180c 0x08023149
0x24001808 0x24001820
0x24001804 0x24001820
0x24001800 0x00000000
0x240017fc 0x0802312d
0x240017f8 0x000001e2
0x240017f4 0x2001169c
0x240017f0 0x24001824
0x240017ec 0x0000004d
0x240017e8 0x0802f61d
0x240017e4 0x0802e20f
0x240017e0 0x08023e77
0x240017dc 0x08023e73
0x240017d8 0x24001820
0x240017d4 0x0817e7f2
0x240017d0 0x24001820
0x240017cc 0x0802e20f
0x240017c8 0x30010684
0x240017c4 0x3000edb8
0x240017c0 0x00000c78
0x240017bc 0x0000008c
0x240017b8 0x24001848
0x240017b4 0x000002df
0x240017b0 0x24001804
0x240017ac 0x0817e7f2
0x240017a8 0x39376238
0x240017a4 0x08021c29
0x240017a0 0x0000000a
0x2400179c 0x0802073b
0x24001798 0x00000080
0x24001794 0x00000000
0x24001790 0x31353420
0x2400178c 0x00000008
0x24001788 0x00000010
0x24001784 0x0802e72f
0x24001780 0x24001848
0x2400177c 0x74000074
0x24001778 0x0817e827
0x24001774 0x00000001
0x24001770 0x00000001
0x2400176c 0x0802e23d
0x24001768 0x0000004d
0x24001764 0x240017e0
0x24001760 0x08023e77
0x2400175c 0x08023e87
0x24001758 0x0000000a
0x24001754 0x240017e0
0x24001750 0x08023e77
0x2400174c 0x08023ee1
0x24001748 0x0000000a
0x24001744 0x0010000a
0x24001740 0x0000000a
0x2400173c 0x08021c29
0x24001738 0x0000000a
0x24001734 0x0802073b
0x24001730 0x00000080
0x2400172c 0x00000000
0x24001728 0x00000002
0x24001724 0x24001790
0x24001720 0x0000000a
0x2400171c 0xdeadbeef
0x24001718 0xdeadbeef
0x24001714 0xdeadbeef
0x24001710 0xdeadbeef
0x2400170c 0xdeadbeef
0x24001708 0xdeadbeef
0x24001704 0xdeadbeef
0x24001700 0xdeadbeef
0x240016fc 0xdeadbeef
0x240016f8 0xdeadbeef
0x240016f4 0xdeadbeef
0x240016f0 0xdeadbeef
0x240016ec 0xdeadbeef
0x240016e8 0xdeadbeef
0x240016e4 0xdeadbeef
0x240016e0 0xdeadbeef
0x240016dc 0xdeadbeef
0x240016d8 0xdeadbeef
0x240016d4 0xdeadbeef
0x240016d0 0xdeadbeef
0x240016cc 0xdeadbeef
0x240016c8 0xdeadbeef
0x240016c4 0xdeadbeef
0x240016c0 0xdeadbeef
0x240016bc 0xdeadbeef
0x240016b8 0xdeadbeef
0x240016b4 0xdeadbeef
0x240016b0 0xdeadbeef
0x240016ac 0xdeadbeef
0x240016a8 0xdeadbeef
0x240016a4 0xdeadbeef
0x240016a0 0xdeadbeef
0x2400169c 0xdeadbeef
0x24001698 0xdeadbeef
0x24001694 0xdeadbeef
0x24001690 0xdeadbeef
0x2400168c 0xdeadbeef
0x24001688 0xdeadbeef
0x24001684 0xdeadbeef
0x24001680 0xdeadbeef
0x2400167c 0xdeadbeef
0x24001678 0xdeadbeef
0x24001674 0xdeadbeef
0x24001670 0xdeadbeef
0x2400166c 0xdeadbeef
0x24001668 0xdeadbeef
0x24001664 0xdeadbeef
0x24001660 0xdeadbeef
0x2400165c 0xdeadbeef
0x24001658 0xdeadbeef
0x24001654 0xdeadbeef
0x24001650 0xdeadbeef
0x2400164c 0xdeadbeef
0x24001648 0xdeadbeef
0x24001644 0xdeadbeef
0x24001640 0xdeadbeef<-- Interrupt sp bottom
0x2400163c 0x8f659eff
0x24001638 0x11010b5c
0x24001634 0x66063bca
0x24001630 0xff0f6a70
0x2400162c 0x88085ae6
0x24001628 0x18b74777
0x24001624 0x6fb077e1
0x24001620 0xf6b9265b
0x2400161c 0x81be16cd
0x24001618 0x26d0860b
User sp memory region, stack pointer lies within stack
0x3000f074 0x26d0860b
0x3000f070 0x00000002
0x3000f06c 0x00000000
0x3000f068 0x080261b9
0x3000f064 0x3000f078
0x3000f060 0x476f5c09
0x3000f05c 0x00000002
0x3000f058 0x00000000
0x3000f054 0x080261b9
0x3000f050 0x3000f064
0x3000f04c 0x00000061
0x3000f048 0x00000060
0x3000f044 0x6d819bdb
0x3000f040 0x2184f61f
0x3000f03c 0x5141020a
0x3000f038 0x00000002
0x3000f034 0x00000000
0x3000f030 0x080261b9
0x3000f02c 0x3000f050
0x3000f028 0xf6964b08
0x3000f024 0x00000002
0x3000f020 0x00000000
0x3000f01c 0x08026171
0x3000f018 0x3000f02c
0x3000f014 0x8fa1e007
0x3000f010 0x00000002
0x3000f00c 0x00000000
0x3000f008 0x08026175
0x3000f004 0x3000f018
0x3000f000 0xde1f7206
0x3000effc 0x00000002
0x3000eff8 0x00000000
0x3000eff4 0x08026175
0x3000eff0 0x3000f004
0x3000efec 0x00000cc1
0x3000efe8 0x00000060
0x3000efe4 0xc98ee200
0x3000efe0 0xadafffe7
0x3000efdc 0x43030b32
0x3000efd8 0x1c30eb8c<-- User sp top
0x3000efd4 0x00000000
0x3000efd0 0x00000000
0x3000efcc 0x00000000
0x3000efc8 0x00000000
0x3000efc4 0x080254f3
0x3000efc0 0x00000000
0x3000efbc 0x0802dfdb
0x3000efb8 0x00000000
0x3000efb4 0x3000e348
0x3000efb0 0x0000000e
0x3000efac 0x080f9921
0x3000efa8 0x00000001
0x3000efa4 0x080f9941
0x3000efa0 0x00000000
0x3000ef9c 0x00000000
0x3000ef98 0x00000000
0x3000ef94 0x00000000
0x3000ef90 0x00000000
0x3000ef8c 0x3000e348
0x3000ef88 0x0000000e
0x3000ef84 0x3000f0b0
0x3000ef80 0x00000000
0x3000ef7c 0x00000000
0x3000ef78 0x3000f0b0
0x3000ef74 0x080f8705
0x3000ef70 0x00000001
0x3000ef6c 0x2400a1c8
0x3000ef68 0x3000ddf0
0x3000ef64 0x00000000
0x3000ef60 0x3001038c
0x3000ef5c 0x080e5f7b
0x3000ef58 0x30010394
0x3000ef54 0x3000f0b0
0x3000ef50 0x00000000
0x3000ef4c 0x3001038c
0x3000ef48 0x30003410
0x3000ef44 0x30010b60
0x3000ef40 0x00000000
0x3000ef3c 0x000000f0
0x3000ef38 0x38004edc
0x3000ef34 0x08171ea7
0x3000ef30 0x00000004
0x3000ef2c 0x080325db
0x3000ef28 0x081e1a34
0x3000ef24 0x00000000
0x3000ef20 0x00000000
0x3000ef1c 0x00000004
0x3000ef18 0x3000ef44
0x3000ef14 0x00000000
0x3000ef10 0x00000000
0x3000ef0c 0x00000000
0x3000ef08 0x00000000
0x3000ef04 0x080325d3
0x3000ef00 0x3000ef18
0x3000eefc 0x3000dee4
0x3000eef8 0x3000ef18
0x3000eef4 0x08032609
0x3000eef0 0x08000000
0x3000eeec 0x08023fa9
0x3000eee8 0x00000000
0x3000eee4 0x08024873
0x3000eee0 0x30010bc0
0x3000eedc 0x3000ef08
0x3000eed8 0x00000000
0x3000eed4 0x08024853
0x3000eed0 0x00000000
0x3000eecc 0x000000f0
0x3000eec8 0x24001060
0x3000eec4 0x00000000
0x3000eec0 0x00000001
0x3000eebc 0x08024a6f
0x3000eeb8 0x00000000
0x3000eeb4 0x00000000
0x3000eeb0 0x00000001
0x3000eeac 0x08024a6f
0x3000eea8 0x00000000
0x3000eea4 0x00000000
0x3000eea0 0x00000000
0x3000ee9c 0x61000000
0x3000ee98 0x08024804
0x3000ee94 0x08024853
0x3000ee90 0x00000000
0x3000ee8c 0x00000000
0x3000ee88 0x3000ddf0
0x3000ee84 0x00000080
0x3000ee80 0x00000000
0x3000ee7c 0x00000000
0x3000ee78 0x00000000
0x3000ee74 0x88000000
0x3000ee70 0x00000000
0x3000ee6c 0x00000000
0x3000ee68 0x00000000
0x3000ee64 0x00001000
0x3000ee60 0x00380200
0x3000ee5c 0x0200003d
0x3000ee58 0x011d3727
0x3000ee54 0x00000000
0x3000ee50 0x00000000
0x3000ee4c 0x00000000
0x3000ee48 0x00000000
0x3000ee44 0x00000000
0x3000ee40 0x00000000
0x3000ee3c 0x00100000
0x3000ee38 0x38020002
0x3000ee34 0x0088003d
0x3000ee30 0x011d3727
0x3000ee2c 0x0001248d
0x3000ee28 0x3000ef14
0x3000ee24 0x00000000
0x3000ee20 0x0e6be81e
0x3000ee1c 0x00000000
0x3000ee18 0x3000e3d3
0x3000ee14 0x0000000c
0x3000ee10 0x00000000
0x3000ee0c 0x3000f0c8
0x3000ee08 0x00000000
0x3000ee04 0x30010404
0x3000ee00 0x300106dc
0x3000edfc 0x300106b8
0x3000edf8 0x00000000
0x3000edf4 0x00000000
0x3000edf0 0x0001c200
0x3000edec 0x3000e3a2
0x3000ede8 0x000004b0
0x3000ede4 0x080f9687
0x3000ede0 0x00000000
0x3000eddc 0x300104a0
0x3000edd8 0x0e6be81e
0x3000edd4 0x3000f0b0
0x3000edd0 0x00000000
0x3000edcc 0x00000000
0x3000edc8 0x00000000
0x3000edc4 0x3f8025d9
0x3000edc0 0x3000edd8
0x3000edbc 0x30011c10
0x3000edb8 0x2400a1d4<-- User sp
0x3000edb4 0x080f7b73
0x3000edb0 0x80000011
0x3000edac 0x00000000
0x3000eda8 0x48f42400
0x3000eda4 0x00000000
0x3000eda0 0x00000000
0x3000ed9c 0x41f00000
0x3000ed98 0x00000000
0x3000ed94 0x00000000
0x3000ed90 0x00000000
0x3000ed8c 0x7fc00000
0x3000ed88 0x7fc00000
0x3000ed84 0x7fc00000
0x3000ed80 0x7fc00000
0x3000ed7c 0x00000000
0x3000ed78 0x00000000
0x3000ed74 0xbf76b3fc
0x3000ed70 0x4037c2d2
0x3000ed6c 0x21000000
0x3000ed68 0x080f7b28
0x3000ed64 0x080f7b5f
0x3000ed60 0x00000000
0x3000ed5c 0x001fde00
0x3000ed58 0xaa38c150
0x3000ed54 0x00000400
0x3000ed50 0x30011c10
0x3000ed4c 0x00000000
0x3000ed48 0x00000000
0x3000ed44 0x00000000
0x3000ed40 0x00000000
0x3000ed3c 0x00000000
0x3000ed38 0x00000000
0x3000ed34 0x00000000
0x3000ed30 0x00000000
0x3000ed2c 0x00000000
0x3000ed28 0x00000000
0x3000ed24 0x00000000
0x3000ed20 0x00000000
0x3000ed1c 0x49742400
0x3000ed18 0x45291818
0x3000ed14 0x00000000
0x3000ed10 0x43878000
0x3000ed0c 0xffffffe9
0x3000ed08 0x30010684
0x3000ed04 0x300103a0
0x3000ed00 0x300100b0
0x3000ecfc 0x30010379
0x3000ecf8 0x00000000
0x3000ecf4 0x3000f0b0
0x3000ecf0 0x30011c10
0x3000ecec 0x300100b0
0x3000ece8 0x000000f0
0x3000ece4 0x3000edb8
0x3000ece0 0x00000000
0x3000ecdc 0x00000000
0x3000ecd8 0x00000000
0x3000ecd4 0x00000000
0x3000ecd0 0x00000000
0x3000eccc 0x00000000
0x3000ecc8 0x00000000
0x3000ecc4 0x00000000
0x3000ecc0 0x00000000
0x3000ecbc 0x00000000
0x3000ecb8 0x3f8025d9
0x3000ecb4 0xffffffe9
0x3000ecb0 0x30010684
0x3000ecac 0x00000000
0x3000eca8 0x3000edd8
0x3000eca4 0x3000de2c
0x3000eca0 0x00000080
0x3000ec9c 0x3000ed90
0x3000ec98 0x00000000
0x3000ec94 0x3000ddf0
0x3000ec90 0x00000080
0x3000ec8c 0x3000ed60
0x3000ec88 0x30012870
0x3000ec84 0x00000000
0x3000ec80 0x3000ece0
0x3000ec7c 0x0816fa75
0x3000ec78 0x00000000
0x3000ec74 0x00000000
0x3000ec70 0x0e5ff548
0x3000ec6c 0x3000ec84
0x3000ec68 0x3000ecc8
0x3000ec64 0x3001288c
0x3000ec60 0x00000001
0x3000ec5c 0x080ea01f
0x3000ec58 0x3000ee20
0x3000ec54 0x300123c0
0x3000ec50 0x300123c0
0x3000ec4c 0x00000000
0x3000ec48 0x00000000
0x3000ec44 0x0816fa97
0x3000ec40 0x00000000
0x3000ec3c 0x0e5ff7a5
0x3000ec38 0x3000ec4c
0x3000ec34 0x3000ed10
0x3000ec30 0x300123dc
0x3000ec2c 0x00000000
0x3000ec28 0x01010101
0x3000ec24 0x01010100
0x3000ec20 0x01000100
0x3000ec1c 0x00000000
0x3000ec18 0x0e67bcbd
0x3000ec14 0x08171c51
0x3000ec10 0x3000ecb8
0x3000ec0c 0x080e9c6f
0x3000ec08 0x3000ee20
0x3000ec04 0x004d4186
0x3000ec00 0x30012540
0x3000ebfc 0x000013f1
0x3000ebf8 0x00000000
0x3000ebf4 0x0816fac9
0x3000ebf0 0x00000000
0x3000ebec 0x00000000
0x3000ebe8 0x0e5ff70e
0x3000ebe4 0x3000ebfc
0x3000ebe0 0x3000eca8
0x3000ebdc 0x30012574
0x3000ebd8 0x00000000
0x3000ebd4 0x08171da9
0x3000ebd0 0x3000eca8
0x3000ebcc 0x08022da9
0x3000ebc8 0x00000000
0x3000ebc4 0x30010684
0x3000ebc0 0x0e6bbfed
0x3000ebbc 0x00000000
0x3000ebb8 0x00000000
0x3000ebb4 0x000000f0
0x3000ebb0 0x3000ebfc
0x3000ebac 0x080e8aa1
0x3000eba8 0x3000ee20
0x3000eba4 0x300128e0
0x3000eba0 0x300128e0
0x3000eb9c 0x0816fa97
0x3000eb98 0x00000018
0x3000eb94 0x0816fa97
0x3000eb90 0x00000000
0x3000eb8c 0x0e5ff503
0x3000eb88 0x3000eb9c
0x3000eb84 0x3000ebb8
0x3000eb80 0x300128fc
0x3000eb7c 0x08171c51
0x3000eb78 0x3000ebb8
0x3000eb74 0x00000023
0x3000eb70 0x00000023
0x3000eb6c 0x00000031
0x3000eb68 0x00000031
0x3000eb64 0x00000000
0x3000eb60 0x00000000
0x3000eb5c 0xbf76b3fc
0x3000eb58 0x4037c2d2
0x3000eb54 0x21000200
0x3000eb50 0x080230ec
0x3000eb4c 0x3000eda8
0x3000eb48 0x00000000
0x3000eb44 0x3000ebb8
0x3000eb40 0x00000070
0x3000eb3c 0x00000000
0x3000eb38 0x3000ebb8
0x3000eb34 0x00000000
0x3000eb30 0x00000000
0x3000eb2c 0x00000000
0x3000eb28 0x00000000
0x3000eb24 0x00000000
0x3000eb20 0x00000000
0x3000eb1c 0x00000000
0x3000eb18 0x00000000
0x3000eb14 0x00000000
0x3000eb10 0x00000000
0x3000eb0c 0x00000000
0x3000eb08 0x00000000
0x3000eb04 0x00000000
0x3000eb00 0x00000000
0x3000eafc 0x00000000
0x3000eaf8 0x00000000
[hardfault_log] -- 2026-10-06-00:08:25 END Fault Log --
