[hardfault_log] -- 2026-10-05-20:44:25 Begin Fault Log --
System fault Occurred on: 2026-10-05-20:44:25
 Type:Hard Fault in file:armv7-m/arm_hardfault.c at line: 173 running task: usb_net
 FW git-hash: 058490a78d6f7e35fb34234bc2d4a11c47f7ec0d
 Build datetime: Oct  5 2026 19:46:59
 Build url: localhost 
 Processor registers: from 0x30026adc
 r0:0x240123b0 r1:0x380078c8  r2:0x00000351  r3:0x38007c18  r4:0x38007818  r5:0x000000b0 r6:0x240123b0 r7:0x000000a8
 r8:0x00000000 r9:0x00000000 r10:0x00000000 r11:0x00000000 r12:0x00000002  sp:0x30026bb0 lr:0x0802d9df pc:0x0802d848
 xpsr:0x01000000 basepri:0x000000f0 control:0x00000004
 exe return:0xffffffe9
 Fault status registers: from NVIC
 cfsr:0x00000400 hfsr:0x40000000  dfsr:0x00000000  mmfsr:0x00000000  bfsr:0x00000000 afsr:0x00000000 abfsr:0x00000308 
 IRQ stack: 
  top:    0x24001940
  sp:     0x240018d8 Valid
  bottom: 0x24001640
  size:   0x00000300
Invalid Stack! (Corrupted TCB)  Stack base:  0x24001640 Stack size:  0x00000300
 User stack: 
  top:    0x30026cd8
  sp:     0x30026bb0 Valid
  bottom: 0x300262d8
  size:   0x00000a00
Invalid Stack! (Corrupted TCB)  Stack base:  0x300262d8 Stack size:  0x00000a00
Interrupt sp memory region, stack pointer lies within stack
0x24001b94 0x91003901
0x24001b90 0x20910007
0x24001b8c 0x00000100
0x24001b88 0x001d8a06
0x24001b84 0x62b5c9f2
0x24001b80 0x0110f600
0x24001b7c 0x51000001
0x24001b78 0x0000098a
0x24001b74 0x0662b556
0x24001b70 0xf9011041
0x24001b6c 0x000d0000
0x24001b68 0x01000009
0x24001b64 0x8a0662b5
0x24001b60 0x05e20320
0x24001b5c 0x14001100
0x24001b58 0x00010000
0x24001b54 0x098a0662
0x24001b50 0xb5157b00
0x24001b4c 0x10220004
0x24001b48 0x00102200
0x24001b44 0x03001022
0x24001b40 0x00020010
0x24001b3c 0x22000100
0x24001b38 0x00010000
0x24001b34 0x188a0662
0x24001b30 0xb599f100
0x24001b2c 0x20210003
0x24001b28 0x00013021
0x24001b24 0x00020064
0x24001b20 0x30210001
0x24001b1c 0x07201100
0x24001b18 0x21032011
0x24001b14 0x001c0320
0x24001b10 0x11001100
0x24001b0c 0x00010000
0x24001b08 0x248a0662
0x24001b04 0xb5340e00
0x24001b00 0x00040a62
0x24001afc 0xb5a5f300
0x24001af8 0x01c20040
0x24001af4 0x52000100
0x24001af0 0x00010000
0x24001aec 0x0c8a0662
0x24001ae8 0xb5db2e00
0x24001ae4 0x10740002
0x24001ae0 0x01107400
0x24001adc 0x01001073
0x24001ad8 0x00020110
0x24001ad4 0x73000100
0x24001ad0 0x20520004
0x24001acc 0x00205200
0x24001ac8 0x03012052
0x24001ac4 0x00020000
0x24001ac0 0x01000027
0x24001abc 0x8a0662b5
0x24001ab8 0x8cac0000
0x24001ab4 0x00000001
0x24001ab0 0x00210001
0x24001aac 0xc2000000
0x24001aa8 0x08d00000
0x24001aa4 0x00030000
0x24001aa0 0x00000001
0x24001a9c 0x00210001
0x24001a98 0xc2000000
0x24001a94 0x08d00000
0x24001a90 0x00010028
0x24001a8c 0x000662b5
0x24001a88 0xdb2e0010
0x24001a84 0x74000201
0x24001a80 0x10740001
0x24001a7c 0x00107300
0x24001a78 0x02011073
0x24001a74 0x00010020
0x24001a70 0x52000400
0x24001a6c 0x20520003
0x24001a68 0x01205200
0x24001a64 0x02000001
0x24001a60 0x0000278a
0x24001a5c 0x0662b5a2
0x24001a58 0x70000000
0x24001a54 0x00000100
0x24001a50 0x21000025
0x24001a4c 0x80000008
0x24001a48 0xd0000000
0x24001a44 0x03000000
0x24001a40 0x00000100
0x24001a3c 0x21000025
0x24001a38 0x80000008
0x24001a34 0xd0000000
0x24001a30 0x01002800
0x24001a2c 0x0662b5db
0x24001a28 0x2e001074
0x24001a24 0x00020110
0x24001a20 0x74000100
0x24001a1c 0x10730002
0x24001a18 0x01107300
0x24001a14 0x01002052
0x24001a10 0x00040020
0x24001a0c 0x52000301
0x24001a08 0x20520002
0x24001a04 0x00000100
0x24001a00 0x00278a06
0x240019fc 0x62b57ae8
0x240019f8 0x00000000
0x240019f4 0x00010021
0x240019f0 0x0000e100
0x240019ec 0x000008d0
0x240019e8 0x00000003
0x240019e4 0x00000000
0x240019e0 0x00010021
0x240019dc 0x0000e100
0x240019d8 0x000008d0
0x240019d4 0x00000001
0x240019d0 0x00280006
0x240019cc 0x62b5db2e
0x240019c8 0x00107400
0x240019c4 0x02011074
0x240019c0 0x00010010
0x240019bc 0x73000201
0x240019b8 0x10730001
0x240019b4 0x00205200
0x240019b0 0x04002052
0x240019ac 0x00030120
0x240019a8 0x52000200
0x240019a4 0x00010000
0x240019a0 0x278a0662
0x2400199c 0xb52c5200
0x24001998 0x00000000
0x24001994 0x01002100
0x24001990 0x00960000
0x2400198c 0x0008d000
0x24001988 0x00000300
0x24001984 0x00000000
0x24001980 0x01002100
0x2400197c 0x00960000
0x24001978 0x0008d000
0x24001974 0x00000100
0x24001970 0x28000662
0x2400196c 0xb5db2e00
0x24001968 0x10740002
0x24001964 0x01107400
0x24001960 0x01001073
0x2400195c 0x00020110
0x24001958 0x73000100
0x24001954 0x20520004
0x24001950 0x00205200
0x2400194c 0x03012052
0x24001948 0x00020000
0x24001944 0x01000027
0x24001940 0x8a0662b5<-- Interrupt sp top
0x2400193c 0x080202d5
0x24001938 0x240123b0
0x24001934 0x000000b0
0x24001930 0x38007818
0x2400192c 0x080225db
0x24001928 0x00000000
0x24001924 0x080244af
0x24001920 0x00000000
0x2400191c 0x000000a8
0x24001918 0x00000003
0x24001914 0x240061e4
0x24001910 0x00000000
0x2400190c 0x00000000
0x24001908 0x00000000
0x24001904 0x00000000
0x24001900 0x40000000
0x240018fc 0x08022c13
0x240018f8 0x00000000
0x240018f4 0x08022fb7
0x240018f0 0x00000000
0x240018ec 0x00000000
0x240018e8 0x00000400
0x240018e4 0x00000000
0x240018e0 0x30026adc
0x240018dc 0x00000003
0x240018d8 0x40000000<-- Interrupt sp
0x240018d4 0x00000020
0x240018d0 0x00000002
0x240018cc 0x00000039
0x240018c8 0x000001b8
0x240018c4 0x0802bb9d
0x240018c0 0x000000ad
0x240018bc 0x240018d8
0x240018b8 0x0817dd89
0x240018b4 0x240061e4
0x240018b0 0x0000023c
0x240018ac 0x08168a09
0x240018a8 0x24000010
0x240018a4 0x08022da9
0x240018a0 0x00000000
0x2400189c 0x00000000
0x24001898 0x30026bb0
0x24001894 0x000001b8
0x24001890 0x00000471
0x2400188c 0x240061e4
0x24001888 0x240018d8
0x24001884 0x380081c0
0x24001880 0x24000000
0x2400187c 0x00000000
0x24001878 0x00000000
0x24001874 0x00000000
0x24001870 0x00000000
0x2400186c 0x00000000
0x24001868 0x00000000
0x24001864 0x00000000
0x24001860 0x00000000
0x2400185c 0x00000000
0x24001858 0x00000000
0x24001854 0x00000000
0x24001850 0x00000000
0x2400184c 0x00007472
0x24001848 0x61747320
0x24001844 0x24001848
0x24001840 0x2001169c
0x2400183c 0x00000020
0x24001838 0x00000003
0x24001834 0x00000030
0x24001830 0x00000608
0x2400182c 0x00000c78
0x24001828 0x0000008c
0x24001824 0x000002df
0x24001820 0x08197971
0x2400181c 0x0817e742
0x24001818 0x0802b9e7
0x24001814 0x24001820
0x24001810 0x00000000
0x2400180c 0x08023149
0x24001808 0x24001820
0x24001804 0x24001820
0x24001800 0x00000000
0x240017fc 0x0802312d
0x240017f8 0x000001e3
0x240017f4 0x2001169c
0x240017f0 0x24001824
0x240017ec 0x0000004d
0x240017e8 0x0802f61d
0x240017e4 0x0802e20f
0x240017e0 0x08023e77
0x240017dc 0x08023e73
0x240017d8 0x24001820
0x240017d4 0x0817e742
0x240017d0 0x24001820
0x240017cc 0x0802e20f
0x240017c8 0x00000000
0x240017c4 0x30026bb0
0x240017c0 0x00000c78
0x240017bc 0x0000008c
0x240017b8 0x24001848
0x240017b4 0x000002df
0x240017b0 0x24001804
0x240017ac 0x0817e742
0x240017a8 0x30633430
0x240017a4 0x08021c29
0x240017a0 0x0000000a
0x2400179c 0x0802073b
0x24001798 0x00000080
0x24001794 0x00000000
0x24001790 0x31353420
0x2400178c 0x00000007
0x24001788 0x00000010
0x24001784 0x0802e72f
0x24001780 0x24001848
0x2400177c 0x74000074
0x24001778 0x0817e777
0x24001774 0x00000001
0x24001770 0x00000001
0x2400176c 0x0802e23d
0x24001768 0x0000004d
0x24001764 0x240017e0
0x24001760 0x08023e77
0x2400175c 0x08023e87
0x24001758 0x0000000a
0x24001754 0x240017e0
0x24001750 0x08023e77
0x2400174c 0x08023ee1
0x24001748 0x0000000a
0x24001744 0x0010000a
0x24001740 0x0000000a
0x2400173c 0x08021c29
0x24001738 0x0000000a
0x24001734 0x0802073b
0x24001730 0x00000080
0x2400172c 0x00000000
0x24001728 0x00000003
0x24001724 0x24001790
0x24001720 0x0000000a
0x2400171c 0xdeadbeef
0x24001718 0xdeadbeef
0x24001714 0xdeadbeef
0x24001710 0xdeadbeef
0x2400170c 0xdeadbeef
0x24001708 0xdeadbeef
0x24001704 0xdeadbeef
0x24001700 0xdeadbeef
0x240016fc 0xdeadbeef
0x240016f8 0xdeadbeef
0x240016f4 0xdeadbeef
0x240016f0 0xdeadbeef
0x240016ec 0xdeadbeef
0x240016e8 0xdeadbeef
0x240016e4 0xdeadbeef
0x240016e0 0xdeadbeef
0x240016dc 0xdeadbeef
0x240016d8 0xdeadbeef
0x240016d4 0xdeadbeef
0x240016d0 0xdeadbeef
0x240016cc 0xdeadbeef
0x240016c8 0xdeadbeef
0x240016c4 0xdeadbeef
0x240016c0 0xdeadbeef
0x240016bc 0xdeadbeef
0x240016b8 0xdeadbeef
0x240016b4 0xdeadbeef
0x240016b0 0xdeadbeef
0x240016ac 0xdeadbeef
0x240016a8 0xdeadbeef
0x240016a4 0xdeadbeef
0x240016a0 0xdeadbeef
0x2400169c 0xdeadbeef
0x24001698 0xdeadbeef
0x24001694 0xdeadbeef
0x24001690 0xdeadbeef
0x2400168c 0xdeadbeef
0x24001688 0xdeadbeef
0x24001684 0xdeadbeef
0x24001680 0xdeadbeef
0x2400167c 0xdeadbeef
0x24001678 0xdeadbeef
0x24001674 0xdeadbeef
0x24001670 0xdeadbeef
0x2400166c 0xdeadbeef
0x24001668 0xdeadbeef
0x24001664 0xdeadbeef
0x24001660 0xdeadbeef
0x2400165c 0xdeadbeef
0x24001658 0xdeadbeef
0x24001654 0xdeadbeef
0x24001650 0xdeadbeef
0x2400164c 0xdeadbeef
0x24001648 0xdeadbeef
0x24001644 0xdeadbeef
0x24001640 0xdeadbeef<-- Interrupt sp bottom
0x2400163c 0x00000000
0x24001638 0x00000000
0x24001634 0x00000000
0x24001630 0x00000000
0x2400162c 0x00000000
0x24001628 0x00000000
0x24001624 0x00000000
0x24001620 0x00000000
0x2400161c 0x00000000
0x24001618 0x00000000
User sp memory region, stack pointer lies within stack
0x30026e6c 0x00000000
0x30026e68 0x00000000
0x30026e64 0x00000000
0x30026e60 0x00000000
0x30026e5c 0x300262c8
0x30026e58 0x0000000f
0x30026e54 0x24006204
0x30026e50 0x00000080
0x30026e4c 0x30026f20
0x30026e48 0x00000001
0x30026e44 0x08024a6f
0x30026e40 0x00000000
0x30026e3c 0x08024a6f
0x30026e38 0x00000000
0x30026e34 0x00000000
0x30026e30 0x00000001
0x30026e2c 0x08024a6f
0x30026e28 0x00000000
0x30026e24 0x00000000
0x30026e20 0x00000002
0x30026e1c 0x0802e1a5
0x30026e18 0x00000000
0x30026e14 0x08032a63
0x30026e10 0x000003e8
0x30026e0c 0x30028280
0x30026e08 0x00000000
0x30026e04 0x00000000
0x30026e00 0x38001ef0
0x30026dfc 0x30026e58
0x30026df8 0x00000002
0x30026df4 0x00000000
0x30026df0 0x0000002b
0x30026dec 0x00e90030
0x30026de8 0x00000000
0x30026de4 0x00000141
0x30026de0 0x000000e9
0x30026ddc 0x00000027
0x30026dd8 0x00000112
0x30026dd4 0x00000000
0x30026dd0 0x00000000
0x30026dcc 0x000000f0
0x30026dc8 0x30021a44
0x30026dc4 0x00000000
0x30026dc0 0x00000001
0x30026dbc 0x08024a6f
0x30026db8 0x00000000
0x30026db4 0x00000000
0x30026db0 0x00000001
0x30026dac 0x08171f3f
0x30026da8 0x00000000
0x30026da4 0x00000000
0x30026da0 0x0e33e76c
0x30026d9c 0x000038d6
0x30026d98 0x3002634e
0x30026d94 0x0000000d
0x30026d90 0x00000000
0x30026d8c 0x30026f88
0x30026d88 0x00000000
0x30026d84 0x300282c4
0x30026d80 0x3002859c
0x30026d7c 0x30028578
0x30026d78 0x00000000
0x30026d74 0x00000000
0x30026d70 0x000038d6
0x30026d6c 0x000038d6
0x30026d68 0x000186a0
0x30026d64 0x00000002
0x30026d60 0x0818cc7b
0x30026d5c 0x080f94f1
0x30026d58 0x30028239
0x30026d54 0x00000000
0x30026d50 0x30028360
0x30026d4c 0x00000000
0x30026d48 0x00000000
0x30026d44 0x00024abf
0x30026d40 0x00000000
0x30026d3c 0x00028360
0x30026d38 0x30028544
0x30026d34 0x000000f0
0x30026d30 0x00000000
0x30026d2c 0x30021a44
0x30026d28 0x30026d48
0x30026d24 0x08032609
0x30026d20 0x00000002
0x30026d1c 0x08023fa9
0x30026d18 0x00000000
0x30026d14 0x08024873
0x30026d10 0x240015f4
0x30026d0c 0x30026d38
0x30026d08 0x00000000
0x30026d04 0x08024853
0x30026d00 0x00000000
0x30026cfc 0x000000f0
0x30026cf8 0x24001060
0x30026cf4 0x00000000
0x30026cf0 0x00000001
0x30026cec 0x08024a6f
0x30026ce8 0x00000000
0x30026ce4 0x24012460
0x30026ce0 0x24012470
0x30026cdc 0x00000a30
0x30026cd8 0x00001910<-- User sp top
0x30026cd4 0x00000000
0x30026cd0 0x00000000
0x30026ccc 0x00000000
0x30026cc8 0x00000000
0x30026cc4 0x080254f3
0x30026cc0 0x00000000
0x30026cbc 0x0802dfdb
0x30026cb8 0x00000001
0x30026cb4 0x08041be1
0x30026cb0 0x300262c8
0x30026cac 0x00000000
0x30026ca8 0x0818121b
0x30026ca4 0x0817e5bc
0x30026ca0 0x08181214
0x30026c9c 0x0817e381
0x30026c98 0x30026c68
0x30026c94 0x08180f76
0x30026c90 0x081810a1
0x30026c8c 0x08181211
0x30026c88 0x0818109b
0x30026c84 0x0817e5dd
0x30026c80 0x0818109b
0x30026c7c 0x0818120e
0x30026c78 0x0818855d
0x30026c74 0x0818c032
0x30026c70 0x00000000
0x30026c6c 0x00000000
0x30026c68 0x00000032
0x30026c64 0x08041d5f
0x30026c60 0x300262c8
0x30026c5c 0x00000001
0x30026c58 0x00000000
0x30026c54 0x30026c74
0x30026c50 0x080f9871
0x30026c4c 0x080f57a5
0x30026c48 0x00000000
0x30026c44 0x30026c74
0x30026c40 0x000000c9
0x30026c3c 0x00000002
0x30026c38 0x00000000
0x30026c34 0x08178c37
0x30026c30 0x00000000
0x30026c2c 0x08025ab3
0x30026c28 0x30026c74
0x30026c24 0x0816951d
0x30026c20 0x0818bf68
0x30026c1c 0x00000064
0x30026c18 0x30026c74
0x30026c14 0x08025161
0x30026c10 0x30026c74
0x30026c0c 0x080f9871
0x30026c08 0x30026c74
0x30026c04 0x080f9871
0x30026c00 0x00000cae
0x30026bfc 0x08025153
0x30026bf8 0x00000000
0x30026bf4 0x00000cae
0x30026bf0 0x00000001
0x30026bec 0x00000064
0x30026be8 0x30026c74
0x30026be4 0x00000000
0x30026be0 0x00000064
0x30026bdc 0x00000000
0x30026bd8 0x0818bf68
0x30026bd4 0x080250fb
0x30026bd0 0x0818bf68
0x30026bcc 0x30026c74
0x30026bc8 0x24008228
0x30026bc4 0x0802dbb7
0x30026bc0 0x00000000
0x30026bbc 0x00000064
0x30026bb8 0x000000a8
0x30026bb4 0x30026c74
0x30026bb0 0x24008228<-- User sp
0x30026bac 0x0802d997
0x30026ba8 0x00000000
0x30026ba4 0x00000000
0x30026ba0 0x00000000
0x30026b9c 0x00000000
0x30026b98 0x00000000
0x30026b94 0x00000000
0x30026b90 0x00000000
0x30026b8c 0x00000000
0x30026b88 0x00000000
0x30026b84 0x00000000
0x30026b80 0x00000000
0x30026b7c 0x00000000
0x30026b78 0x00000000
0x30026b74 0x00000000
0x30026b70 0x00000000
0x30026b6c 0x00000000
0x30026b68 0x00000000
0x30026b64 0x01000000
0x30026b60 0x0802d848
0x30026b5c 0x0802d9df
0x30026b58 0x00000002
0x30026b54 0x38007c18
0x30026b50 0x00000351
0x30026b4c 0x380078c8
0x30026b48 0x240123b0
0x30026b44 0x00000000
0x30026b40 0x00000000
0x30026b3c 0x00000000
0x30026b38 0x00000000
0x30026b34 0x00000000
0x30026b30 0x00000000
0x30026b2c 0x00000000
0x30026b28 0x00000000
0x30026b24 0x00000000
0x30026b20 0x00000000
0x30026b1c 0x00000000
0x30026b18 0x00000000
0x30026b14 0x00000000
0x30026b10 0x00000000
0x30026b0c 0x00000000
0x30026b08 0x00000000
0x30026b04 0xffffffe9
0x30026b00 0x00000000
0x30026afc 0x00000000
0x30026af8 0x00000000
0x30026af4 0x00000000
0x30026af0 0x000000a8
0x30026aec 0x240123b0
0x30026ae8 0x000000b0
0x30026ae4 0x38007818
0x30026ae0 0x000000f0
0x30026adc 0x30026bb0
0x30026ad8 0xdeadbeef
0x30026ad4 0xdeadbeef
0x30026ad0 0xdeadbeef
0x30026acc 0xdeadbeef
0x30026ac8 0xdeadbeef
0x30026ac4 0xdeadbeef
0x30026ac0 0xdeadbeef
0x30026abc 0xdeadbeef
0x30026ab8 0xdeadbeef
0x30026ab4 0xdeadbeef
0x30026ab0 0xdeadbeef
0x30026aac 0xdeadbeef
0x30026aa8 0xdeadbeef
0x30026aa4 0xdeadbeef
0x30026aa0 0xdeadbeef
0x30026a9c 0xdeadbeef
0x30026a98 0xdeadbeef
0x30026a94 0xdeadbeef
0x30026a90 0xdeadbeef
0x30026a8c 0xdeadbeef
0x30026a88 0xdeadbeef
0x30026a84 0xdeadbeef
0x30026a80 0xdeadbeef
0x30026a7c 0xdeadbeef
0x30026a78 0xdeadbeef
0x30026a74 0xdeadbeef
0x30026a70 0xdeadbeef
0x30026a6c 0xdeadbeef
0x30026a68 0xdeadbeef
0x30026a64 0xdeadbeef
0x30026a60 0xdeadbeef
0x30026a5c 0xdeadbeef
0x30026a58 0xdeadbeef
0x30026a54 0xdeadbeef
0x30026a50 0xdeadbeef
0x30026a4c 0xdeadbeef
0x30026a48 0xdeadbeef
0x30026a44 0xdeadbeef
0x30026a40 0xdeadbeef
0x30026a3c 0xdeadbeef
0x30026a38 0xdeadbeef
0x30026a34 0xdeadbeef
0x30026a30 0xdeadbeef
0x30026a2c 0xdeadbeef
0x30026a28 0xdeadbeef
0x30026a24 0xdeadbeef
0x30026a20 0xdeadbeef
0x30026a1c 0xdeadbeef
0x30026a18 0xdeadbeef
0x30026a14 0xdeadbeef
0x30026a10 0xdeadbeef
0x30026a0c 0xdeadbeef
0x30026a08 0xdeadbeef
0x30026a04 0xdeadbeef
0x30026a00 0xdeadbeef
0x300269fc 0xdeadbeef
0x300269f8 0xdeadbeef
0x300269f4 0xdeadbeef
0x300269f0 0xdeadbeef
0x300269ec 0xdeadbeef
0x300269e8 0xdeadbeef
0x300269e4 0xdeadbeef
0x300269e0 0xdeadbeef
0x300269dc 0xdeadbeef
0x300269d8 0xdeadbeef
0x300269d4 0xdeadbeef
0x300269d0 0xdeadbeef
0x300269cc 0xdeadbeef
0x300269c8 0xdeadbeef
0x300269c4 0xdeadbeef
0x300269c0 0xdeadbeef
0x300269bc 0xdeadbeef
0x300269b8 0xdeadbeef
0x300269b4 0xdeadbeef
0x300269b0 0xdeadbeef
0x300269ac 0xdeadbeef
0x300269a8 0xdeadbeef
0x300269a4 0xdeadbeef
0x300269a0 0xdeadbeef
0x3002699c 0xdeadbeef
0x30026998 0xdeadbeef
0x30026994 0xdeadbeef
0x30026990 0xdeadbeef
0x3002698c 0xdeadbeef
0x30026988 0xdeadbeef
0x30026984 0xdeadbeef
0x30026980 0xdeadbeef
0x3002697c 0xdeadbeef
0x30026978 0xdeadbeef
0x30026974 0xdeadbeef
0x30026970 0xdeadbeef
0x3002696c 0xdeadbeef
0x30026968 0xdeadbeef
0x30026964 0xdeadbeef
0x30026960 0xdeadbeef
0x3002695c 0xdeadbeef
0x30026958 0xdeadbeef
0x30026954 0xdeadbeef
0x30026950 0xdeadbeef
0x3002694c 0xdeadbeef
0x30026948 0xdeadbeef
0x30026944 0xdeadbeef
0x30026940 0xdeadbeef
0x3002693c 0xdeadbeef
0x30026938 0xdeadbeef
0x30026934 0xdeadbeef
0x30026930 0xdeadbeef
0x3002692c 0xdeadbeef
0x30026928 0xdeadbeef
0x30026924 0xdeadbeef
0x30026920 0xdeadbeef
0x3002691c 0xdeadbeef
0x30026918 0xdeadbeef
0x30026914 0xdeadbeef
0x30026910 0xdeadbeef
0x3002690c 0xdeadbeef
0x30026908 0xdeadbeef
0x30026904 0xdeadbeef
0x30026900 0xdeadbeef
0x300268fc 0xdeadbeef
0x300268f8 0xdeadbeef
0x300268f4 0xdeadbeef
0x300268f0 0x00000000
[hardfault_log] -- 2026-10-05-20:44:25 END Fault Log --
